// Jest Snapshot v1, https://goo.gl/fbAQLP

exports[`should take a snapshot 1`] = `
<DocumentFragment>
  <div
    class="App"
  >
    <h1
      data-testid="counter"
    >
      0
    </h1>
    <button
      data-testid="button-up"
    >
       Up
    </button>
    <button
      data-testid="button-down"
      disabled=""
    >
      Down
    </button>
  </div>
</DocumentFragment>
`;
